// Jest Snapshot v1, https://goo.gl/fbAQLP

exports[`Inventory  should render correctly 1`] = `
<div>
  Leke2222
</div>
`;
