// Jest Snapshot v1, https://goo.gl/fbAQLP

exports[`MyOrders  should render correctly 1`] = `
<div>
  Leke
</div>
`;
