// Jest Snapshot v1, https://goo.gl/fbAQLP

exports[`SideBarSlideAlong should render correctly 1`] = `
<div>
  <div
    className="ui segment pushable"
  >
    <div
      className="ui inverted vertical labeled icon ui slide along left thin visible sidebar menu"
    >
      <a
        className="item"
        onClick={[Function]}
      >
        
        PEDIDOS
      </a>
      <a
        className="item"
        onClick={[Function]}
      >
        
        HISTÃ“RICO DE PEDIDOS
      </a>
      <a
        className="item"
        onClick={[Function]}
      >
        
        ESTOQUE DE PRODUTOS
      </a>
      <a
        className="item"
        onClick={[Function]}
      >
        
        MINHA CONTA
      </a>
      <a
        className="item"
        onClick={[Function]}
      >
        
        SAIR
      </a>
    </div>
    <div
      className="pusher"
    >
      <div
        className="ui basic segment"
      >
        <div
          className="sc-bdVaJa jReomQ"
        />
      </div>
    </div>
  </div>
</div>
`;
